[hindi.news18.com/news/bihar/saran-chhapra-crime-news-fake-birth-certificate-chhapra-sadar-hospital-bsnl-ad-hoc-employee-arrested-5468849.html]
[backblue.gif]
[fade.gif]
[index.html]
[images.news18.com/ibnkhabar/uploads/2023/03/2590989_HYP_0_FEATURE1677666061317b325.jpg]
[cdn.taboola.com/libtrc/network18media-news18hindi/loader.js]
[hindi.news18.com/images/icons/news18_hindi_57x57_v1.png]
[hindi.news18.com/images/icons/news18_hindi_72x72_v1.png]
[hindi.news18.com/images/icons/news18_hindi_76x76_v1.png]
[hindi.news18.com/images/icons/news18_hindi_114x114_v1.png]
[hindi.news18.com/images/icons/news18_hindi_120x120_v1.png]
[hindi.news18.com/images/icons/news18_hindi_144x144_v1.png]
[hindi.news18.com/images/icons/news18_hindi_152x152_v1.png]
[hindi.news18.com/images/icons/news18_hindi_167x167_v1.png]
[hindi.news18.com/images/icons/news18_hindi_180x180_v1.png]
[hindi.news18.com/images/icons/news18_hindi_192x192_v1.png]
[hindi.news18.com/images/icons/news18_hindi_512x512_v1.png]
[hindi.news18.com/_next/static/css/3c2df2a1f7b39a37.css]
[hindi.news18.com/_next/static/chunks/polyfills-c67a75d1b6f99dc8.js]
[images.news18.com/ibnlive/uploads/2020/11/1606463824_top_bg.jpg]
[images.news18.com/ibnkhabar/uploads/assets/event/common/images/telegram_header_1593419014.png]
[images.news18.com/ibnkhabar/uploads/assets/event/common/images/Women_World_Cup_2022_bg_D.jpg]
[hindi.news18.com/news/bihar/woff2/index.html]
[images.news18.com/static_news18/pix/ibnhome/news18/css/desktop/new_footer/social_icon.png]
[images.news18.com/ibnkhabar/uploads/2023/03/2590989_HYP_0_FEATURE1677666061317c23d.jpg]
[images.news18.com/ibnkhabar/uploads/assets/images/Anuragd724.jpg]
[hindi.news18.com/news/bihar/index.html]
[images.news18.com/ibnkhabar/uploads/2023/03/Matthieu-Ricard-happiness-16789868303x24b26.png]
[images.news18.com/ibnkhabar/uploads/2023/03/Matthieu-Ricard-happiness-16789868303x20d2b.jpg]
[images.news18.com/ibnkhabar/uploads/2023/03/NEPAL-CRICKET-16789832933x24b26.png]
[images.news18.com/ibnkhabar/uploads/2023/03/NEPAL-CRICKET-16789832933x20d2b.jpg]
[images.news18.com/ibnkhabar/uploads/2023/03/New-Zealand-Earthquake-16789819673x24b26.png]
[images.news18.com/ibnkhabar/uploads/2023/03/New-Zealand-Earthquake-16789819673x20d2b.jpg]
[images.news18.com/ibnkhabar/uploads/2023/03/1679002456_ac2ab44a-e0fb-4e97-bea1-990771041055-16790024573x272f8.gif]
[images.news18.com/ibnkhabar/uploads/2023/03/1679002456_ac2ab44a-e0fb-4e97-bea1-990771041055-16790024573x2a4e0.jpg]
[images.news18.com/ibnkhabar/uploads/2023/03/ramnam-16786875623x272f8.png]
[images.news18.com/ibnkhabar/uploads/2023/03/ramnam-16786875623x2a4e0.jpg]
[images.news18.com/ibnkhabar/uploads/2023/03/1678999819_81617809-15c5-4ad8-ac8f-8f70b2334098-16789998203x272f8.gif]
[images.news18.com/ibnkhabar/uploads/2023/03/1678999819_81617809-15c5-4ad8-ac8f-8f70b2334098-16789998203x2a4e0.jpg]
[images.news18.com/ibnkhabar/uploads/2023/01/Aaj-Ka-Rashifal-3-16727375683x272f8.png]
[images.news18.com/ibnkhabar/uploads/2023/01/Aaj-Ka-Rashifal-3-16727375683x2a4e0.jpg]
[hindi.news18.com/news/bihar/saran-chhapra-crime-news-fake-birth-certificate-chhapra-sadar-hospital-bsnl-ad-hoc-employee-arrested-5468849.html]
[hindi.news18.com/_next/static/css/3c2df2a1f7b39a37.css]
[hindi.news18.com/news/bihar/woff2/index.html]
[images.news18.com/ibnkhabar/uploads/2021/08/News18_Hindi_logo_1600x900b325.jpg]
[images.hindi.news18.com/ibnkhabar/uploads/assets/event/common/images/srchstcticon_1607493720.png]
[static.hindi.news18.com/ibnkhabar/uploads/assests/img/photo-ss.png]
[images.hindi.news18.com/ibnkhabar/uploads/2020/03/Hindi1.png]
[hindi.news18.com/news/bihar/patna/index.html]
[hindi.news18.com/news/bihar/arwal/index.html]
[images.news18.com/ibnkhabar/uploads/2023/03/2654851_HYP_0_FEATURE1678961360520afe6.jpg]
[hindi.news18.com/news/bihar/araria/index.html]
[hindi.news18.com/news/bihar/katihar/index.html]
[hindi.news18.com/news/bihar/aurangabad-bihar/index.html]
[hindi.news18.com/news/bihar/patna-on-duty-constable-of-bihar-police-cocked-rifle-on-his-colleagues-at-pmch-patna-know-the-reason-5558869.html]
[hindi.news18.com/news/bihar/kishanganj/index.html]
[hindi.news18.com/news/bihar/kaimur/index.html]
[hindi.news18.com/news/bihar/khagaria/index.html]
[hindi.news18.com/news/bihar/sitamarhi-suspected-lady-from-china-arrested-at-india-nepal-border-in-sitamarhi-bihar-5558203.html]
[hindi.news18.com/news/bihar/chapra/index.html]
[hindi.news18.com/news/bihar/gopalganj/index.html]
[hindi.news18.com/news/bihar/gaya/index.html]
[hindi.news18.com/news/bihar/jamui/index.html]
[images.news18.com/ibnkhabar/uploads/2023/03/madhuri_03_16_01-16789590583x24b26.png]
[hindi.news18.com/news/bihar/darbhanga/index.html]
[hindi.news18.com/news/bihar/jehanabad/index.html]
[hindi.news18.com/news/bihar/nawada/index.html]
[hindi.news18.com/news/bihar/nalanda/index.html]
[images.news18.com/ibnkhabar/uploads/2023/03/madhuri_03_16_01-16789590583x20d2b.jpg]
[hindi.news18.com/news/bihar/west-champaran/index.html]
[hindi.news18.com/news/bihar/east-champaran/index.html]
[hindi.news18.com/news/bihar/purnia/index.html]
[hindi.news18.com/news/bihar/buxar/index.html]
[hindi.news18.com/news/bihar/banka-bihar/index.html]
[hindi.news18.com/news/bihar/begusarai/index.html]
[images.news18.com/ibnkhabar/uploads/2023/03/madhuri_03_16_01-16789590583x272f8.png]
[hindi.news18.com/news/bihar/bhojpur/index.html]
[hindi.news18.com/news/bihar/bhagalpur/index.html]
[hindi.news18.com/news/bihar/madhubani/index.html]
[images.news18.com/ibnkhabar/uploads/2023/03/madhuri_03_16_01-16789590583x2a4e0.jpg]
[hindi.news18.com/news/bihar/madhepura/index.html]
[hindi.news18.com/news/bihar/muzaffarpur/index.html]
[hindi.news18.com/news/bihar/munger/index.html]
[hindi.news18.com/news/bihar/motihari/index.html]
[images.news18.com/ibnkhabar/uploads/2023/03/Matthieu-Ricard-happiness-16789868303x272f8.png]
[hindi.news18.com/news/bihar/rajgir/index.html]
[hindi.news18.com/news/bihar/rohtas/index.html]
[hindi.news18.com/news/bihar/lakhisarai/index.html]
[images.news18.com/ibnkhabar/uploads/2023/03/Matthieu-Ricard-happiness-16789868303x2a4e0.jpg]
[hindi.news18.com/news/bihar/vaishali/index.html]
[hindi.news18.com/news/bihar/sheohar/index.html]
[hindi.news18.com/news/bihar/sheikhpura/index.html]
[hindi.news18.com/news/bihar/samastipur/index.html]
[images.news18.com/ibnkhabar/uploads/2023/03/NEPAL-CRICKET-16789832933x272f8.png]
[hindi.news18.com/news/bihar/saran/index.html]
[hindi.news18.com/news/bihar/saharsa/index.html]
[hindi.news18.com/news/bihar/sitamarhi/index.html]
[images.news18.com/ibnkhabar/uploads/2023/03/NEPAL-CRICKET-16789832933x2a4e0.jpg]
[hindi.news18.com/news/bihar/supaul/index.html]
[hindi.news18.com/news/bihar/siwan/index.html]
[hindi.news18.com/news/bihar/page-2/index.html]
[images.news18.com/ibnkhabar/uploads/2023/03/New-Zealand-Earthquake-16789819673x272f8.png]
[hindi.news18.com/news/bihar/page-4/index.html]
[hindi.news18.com/news/bihar/page-3/index.html]
[hindi.news18.com/news/bihar/page-5/index.html]
[hindi.news18.com/news/bihar/page-6/index.html]
[images.news18.com/ibnkhabar/uploads/2023/03/New-Zealand-Earthquake-16789819673x2a4e0.jpg]
[hindi.news18.com/news/bihar/index.html]
[hindi.news18.com/news/bihar/page-7/index.html]
[hindi.news18.com/news/bihar/page-9/index.html]
[hindi.news18.com/news/bihar/page-8/index.html]
[hindi.news18.com/news/bihar/page-10/index.html]
[images.news18.com/ibnkhabar/uploads/assests/img/photoB.png]
[hindi.news18.com/news/bihar/patna/Khand Medium/index.html]
[hindi.news18.com/news/bihar/patna/Khand-Medium/index.html]
[hindi.news18.com/astrology/images/sideicon_sprites.png]
[images.news18.com/ibnkhabar/uploads/2023/03/अनामांकित-16789872303x2afe6.jpg]
[hindi.news18.com/news/bihar/patna-emergency-call-box-installed-at-these-50-places-in-emergency-you-can-contact-administration-5555483.html]
[hindi.news18.com/news/bihar/begusarai-unemployed-youth-cheated-name-of-national-child-education-care-institute-absconded-5554369.html]
[hindi.news18.com/news/bihar/bhojpur-rebel-in-jdu-continues-in-bihar-more-than-100-workers-left-party-including-senior-leader-sunil-pathak-at-ara-5554457.html]
[hindi.news18.com/news/bihar/patna-laddoo-politics-in-bihar-budget-assembly-session-bjp-and-rjd-ministers-clash-in-vidhansabha-5551965.html]
[images.news18.com/ibnkhabar/uploads/assests/images/placeholdere0f1.jpg]
[hindi.news18.com/news/bihar/patna-lalu-leela-by-sushil-modi-in-limelight-lalu-family-corruption-case-investigation-cbi-ed-income-tax-5553477.html]
[hindi.news18.com/news/bihar/patna-bjp-mlas-called-nitish-kumar-favorite-minister-vijay-choudhary-as-jalebi-mantri-know-the-reason-5553259.html]
[hindi.news18.com/news/bihar/patna-patna-police-busted-criminals-gang-arrested-three-persons-with-looted-cash-money-5553759.html]
[hindi.news18.com/news/bihar/patna-gardening-is-a-hobby-so-medicinal-and-fruit-plants-are-available-at-very-low-prices-5550703.html]
[hindi.news18.com/news/bihar/patna-acility-of-png-available-in-these-areas-will-be-closed-5537859.html]
[hindi.news18.com/news/bihar/vaishali-bihar-police-give-liquor-bottle-to-laborers-instead-of-money-in-vaishali-watch-viral-video-5550851.html]
[hindi.news18.com/news/bihar/patna-bihar-engineering-colleges-got-their-own-university-will-operate-from-aryabhatta-knowledge-university-5549823.html]
[hindi.news18.com/news/bihar/patna-national-institute-of-fashion-technology-best-fashion-college-5537863.html]
[hindi.news18.com/news/bihar/patna-bihar-tikuli-art-read-the-scriptures-before-making-pictures-of-deities-know-how-shabina-became-a-tikuli-artist-despite-family-prohibition-5550307.html]
[hindi.news18.com/news/bihar/patna-worlds-most-polluted-cities-report-7-cities-of-bihar-are-in-the-list-of-50-most-polluted-cities-5552133.html]
[hindi.news18.com/news/bihar/patna-patliputra-university-graduation-examination-starting-from-april-20-fill-the-form-till-this-date-know-the-process-5549601.html]
[hindi.news18.com/news/bihar/kaimur-yogi-fear-bahubali-mukhtar-ansari-sharp-shooter-angad-rai-arrested-with-liquor-bottle-in-bihar-5551177.html]
[hindi.news18.com/news/bihar/patna-tejashwi-yadav-did-not-get-relief-from-delhi-high-court-in-land-for-jobs-scam-will-appear-in-cbi-court-on-march-25-5550849.html]
[hindi.news18.com/news/bihar/patna-chance-of-rain-and-hailstorm-in-the-state-from-march-17-to-21-5550347.html]
[hindi.news18.com/news/bihar/patna-ramnavami-2023-gajakesari-coincidence-is-being-made-on-ram-navami-know-the-benefits-5549457.html]
[hindi.news18.com/news/bihar/patna-patna-bailey-road-will-become-one-way-flyover-will-be-built-in-boring-road-5548665.html]
[hindi.news18.com/news/bihar/patna-bihar-caste-census-second-phase-will-start-from-april-15-jaatigat-janganana-mein-puchhenge-jayenge-17-questions-5548773.html]
[hindi.news18.com/news/bihar/patna-manish-kashyap-4-bank-account-freeze-huge-amount-deposited-in-accounts-now-bihar-police-will-arrest-5547535.html]
[hindi.news18.com/news/bihar/patna-land-for-job-scam-tejashwi-yadav-challenged-cbi-summon-in-delhi-high-court-5546099.html]
[hindi.news18.com/news/bihar/patna-land-for-job-scam-sushil-kumar-modi-reacts-on-lalu-prasad-and-his-family-after-getting-bail-5545877.html]
[hindi.news18.com/news/bihar/patna/index.html]
[hindi.news18.com/news/bihar/patna-land-for-job-scam-rabri-devi-excused-on-questions-of-media-persons-at-patna-5545427.html]
[hindi.news18.com/news/bihar/patna/page-3/index.html]
[hindi.news18.com/news/bihar/patna/page-2/index.html]
[hindi.news18.com/news/bihar/patna/page-5/index.html]
[hindi.news18.com/news/bihar/patna/page-4/index.html]
[hindi.news18.com/news/bihar/patna/page-6/index.html]
[hindi.news18.com/news/bihar/patna/page-8/index.html]
[hindi.news18.com/news/bihar/patna/page-7/index.html]
[hindi.news18.com/news/bihar/patna/page-9/index.html]
[hindi.news18.com/news/bihar/patna/page-10/index.html]
[hindi.news18.com/news/bihar/araria/Khand Medium/index.html]
[hindi.news18.com/news/bihar/araria/Khand-Medium/index.html]
[hindi.news18.com/news/bihar/patna-aimim-chief-asaduddin-owaisi-will-do-two-days-pad-yatra-in-muslim-domination-areas-of-bihar-5535655.html]
[images.news18.com/ibnkhabar/uploads/2023/02/owaisi-tonk-16768567883x2afe6.jpg]
[hindi.news18.com/news/bihar/patna-gold-became-cheap-after-the-festival-the-price-of-silver-also-fell-5515137.html]
[hindi.news18.com/news/bihar/patna-biodegradable-polythene-manufacturing-will-started-in-three-factories-from-june-in-bihar-cipet-5460149.html]
[hindi.news18.com/news/bihar/araria-firing-on-commandant-of-ssb-disclosure-know-about-it-5432981.html]
[hindi.news18.com/news/bihar/patna-weather-update-temperature-rises-summer-heat-wave-in-march-5415099.html]
[hindi.news18.com/news/bihar/patna-temperature-of-bihar-weather-changes-in-patna-and-other-district-know-19-february-bihar-weather-latest-updates-5410745.html]
[hindi.news18.com/news/bihar/patna-judge-shyamnath-sah-education-profile-complete-phd-bhu-5393093.html]
[hindi.news18.com/news/bihar/patna-bihar-board-exam-2023-special-train-for-students-mokama-patna-fast-memu-train-5380025.html]
[hindi.news18.com/news/bihar/bihar-weather-update-cold-start-temperature-may-drop-up-to-5-degrees-at-night-5379999.html]
[hindi.news18.com/news/bihar/patna-weather-updates-temperature-may-drop-up-to-3-degrees-in-next-2-days-in-bihar-cold-will-increase-fog-5362137.html]
[hindi.news18.com/news/bihar/kaimur-gold-silver-price-in-patna-today-gold-price-increased-by-rs-100-per-10-grams-silver-price-decreased-by-rs-500-per-1-kg-5349491.html]
[hindi.news18.com/news/bihar/patna-bihar-weather-update-temperature-rises-due-to-sunshine-in-capital-lowest-temperature-in-pusa-5348761.html]
[hindi.news18.com/news/bihar/bihar-weather-update-cold-wave-will-continue-in-state-5335549.html]
[hindi.news18.com/news/bihar/arwal-bihar-weather-news-this-time-in-the-state-after-makar-sankranti-the-cold-will-not-decrease-there-is-no-relief-even-from-sunlight-5219105.html]
[hindi.news18.com/news/bihar/araria-attacking-police-van-people-rescued-criminal-rule-of-law-in-bihar-5214281.html]
[hindi.news18.com/news/bihar/araria-former-rjd-mp-sarfaraz-alam-sent-to-jail-for-judicial-custody-in-26-year-old-case-5166755.html]
[hindi.news18.com/news/bihar/patna-cold-wave-continues-in-bihar-for-next-five-days-20-years-old-record-break-at-pusa-samastipur-5164155.html]
[hindi.news18.com/news/bihar/patna-cm-nitish-kumar-will-start-his-samadhan-yatra-from-4-january-5156467.html]
[hindi.news18.com/news/bihar/araria-nagar-nikay-chunav-result-sannu-kumari-defeated-neelam-devi-wife-of-sukhdev-paswan-5141599.html]
[hindi.news18.com/news/bihar/darbhanga-horoscope-2023-mithilanchal-people-should-be-careful-5129527.html]
[hindi.news18.com/news/bihar/purnia-super-highway-built-in-purnia-madhepura-katihar-kishanganj-6-projects-of-national-highway-check-details-5012437.html]
[hindi.news18.com/news/bihar/araria-12-year-old-minor-girl-was-being-married-to-35-year-old-man-arrested-4978457.html]
[hindi.news18.com/news/bihar/patna-bihar-weather-forecast-imd-alert-for-cold-from-next-week-in-all-districts-of-state-4889521.html]
[hindi.news18.com/news/bihar/patna-bpsc-dpro-exam-canceled-to-be-held-on-next-week-know-reason-and-next-date-4860055.html]
[hindi.news18.com/news/bihar/patna-assistant-guest-lecturer-recruitment-process-starts-in-darbhanga-college-of-engineering-nodark-4830219.html]
[hindi.news18.com/news/bihar/patna-first-bihari-rap-released-on-chhath-based-on-mother-son-dialogue-watch-video-cgnt-4817031.html]
[hindi.news18.com/news/bihar/araria/index.html]
[hindi.news18.com/news/bihar/patna-rss-is-expanding-its-branches-in-bihar-regularly-know-about-latest-stats-bramk-4807971.html]
[hindi.news18.com/news/bihar/araria/page-2/index.html]
[hindi.news18.com/news/bihar/araria/page-3/index.html]
[hindi.news18.com/news/bihar/araria/page-4/index.html]
[hindi.news18.com/news/bihar/araria/page-5/index.html]
[hindi.news18.com/news/bihar/araria/page-6/index.html]
[hindi.news18.com/news/bihar/araria/page-8/index.html]
[hindi.news18.com/news/bihar/araria/page-7/index.html]
[hindi.news18.com/news/bihar/araria/page-9/index.html]
[hindi.news18.com/news/bihar/araria/page-10/index.html]
[hindi.news18.com/news/bihar/arwal/Khand Medium/index.html]
[hindi.news18.com/news/bihar/arwal/Khand-Medium/index.html]
[images.news18.com/ibnkhabar/uploads/2023/03/2629881_HYP_0_FEATUREgold-rate-on-18-september-78181271-16785095523x2afe6.jpg]
[hindi.news18.com/news/bihar/arwal-bihar-intermediate-exam-student-escaped-from-center-reached-at-girl-friend-home-forcefully-did-marriage-by-parents-5331335.html]
[hindi.news18.com/news/bihar/patna-nitish-cabinet-takes-decision-planning-areas-will-develop-in-these-10-cities-of-bihar-5289201.html]
[hindi.news18.com/news/bihar/patna-a-news-bus-stand-build-in-patna-near-ring-road-5239957.html]
[hindi.news18.com/news/bihar/patna-weather-forecast-cold-wave-alert-of-next-two-days-in-20-districts-of-bihar-5210231.html]
[hindi.news18.com/news/bihar/patna-arwal-police-of-bihar-arrested-lady-criminal-with-consignment-of-arms-5202325.html]
[hindi.news18.com/news/bihar/kaimur-bihar-weather-patna-and-9-district-cold-wave-and-foggy-weather-trains-are-moving-late-know-details-5178221.html]
[hindi.news18.com/news/bihar/arwal-boy-friend-killed-girl-friend-after-rape-tried-to-dispose-dead-body-in-grave-yard-5101085.html]
[hindi.news18.com/news/bihar/patna-crime-news-cheated-in-name-of-love-and-marriage-brother-in-law-killed-girl-after-rape-5099257.html]
[hindi.news18.com/news/bihar/patna-nitish-government-takes-big-decision-regarding-sand-mining-in-state-5031367.html]
[hindi.news18.com/news/bihar/jehanabad-bihar-jehanabad-lover-couple-got-married-in-jehanabads-gaurakshani-temple-too-love-started-in-delhi-4966443.html]
[hindi.news18.com/news/bihar/arwal-two-persons-including-father-and-son-dies-due-to-food-poisoning-15-others-sick-bramk-4695195.html]
[hindi.news18.com/news/bihar/patna-sand-mining-starts-in-bihar-after-gap-of-three-month-know-about-new-rules-bramk-4675989.html]
[hindi.news18.com/news/bihar/patna-sand-price-may-hike-in-bihar-e-tenders-of-ghat-will-start-soon-bramk-4582723.html]
[hindi.news18.com/news/bihar/gaya-gaya-police-recovered-statue-of-lord-buddha-from-smuggler-bramk-4558457.html]
[hindi.news18.com/news/bihar/arwal/index.html]
[hindi.news18.com/news/bihar/patna-people-may-collect-map-and-position-of-land-online-at-home-know-the-process-bramk-4558249.html]
[hindi.news18.com/news/bihar/arwal/page-2/index.html]
[hindi.news18.com/news/bihar/arwal/page-4/index.html]
[hindi.news18.com/news/bihar/arwal/page-3/index.html]
[hindi.news18.com/news/bihar/arwal/page-5/index.html]
[hindi.news18.com/news/bihar/arwal/page-8/index.html]
[hindi.news18.com/news/bihar/arwal/page-7/index.html]
[hindi.news18.com/news/bihar/arwal/page-6/index.html]
[hindi.news18.com/news/bihar/arwal/page-9/index.html]
[hindi.news18.com/news/bihar/arwal/page-10/index.html]
[hindi.news18.com/news/bihar/aurangabad-bihar/Khand Medium/index.html]
[hindi.news18.com/news/bihar/aurangabad-bihar/Khand-Medium/index.html]
[hindi.news18.com/news/bihar/gaya-weather-of-gaya-changed-due-to-rain-and-hailstorm-it-brought-respite-from-heat-and-rising-temperature-5557257.html]
[images.news18.com/ibnkhabar/uploads/2023/03/2656249_HYP_0_FEATUREIMG-20230314-WA0001afe6.jpg]
[hindi.news18.com/news/bihar/aurangabad-bihar-chair-attack-on-cm-nitish-kumar-in-aurangabad-district-administration-issue-press-release-5381211.html]
[hindi.news18.com/news/bihar/aurangabad-bihar-attack-on-cm-nitish-kumar-by-plastic-chair-while-he-was-addressing-a-samadhan-yatra-5378229.html]
[hindi.news18.com/news/bihar/aurangabad-bihar-anti-naxal-operation-security-forces-sized-huge-number-of-cartage-defused-ied-bomb-also-5346665.html]
[hindi.news18.com/news/bihar/aurangabad-bihar-first-wife-died-second-wife-eloped-with-relative-and-third-one-was-murdered-read-the-dowry-greedy-story-of-this-husband-5324309.html]
[hindi.news18.com/news/bihar/patna-engineer-of-ntpc-barh-patna-commits-suicide-just-before-his-marriage-5315009.html]
[hindi.news18.com/news/bihar/aurangabad-bihar-ied-cane-bomb-and-huge-number-of-explosive-recovered-in-bihar-during-anti-naxal-operations-of-security-forces-5293043.html]
[hindi.news18.com/news/bihar/aurangabad-bihar-tejashwi-yadav-sings-badi-mushkil-hai-khoya-mera-dil-hai-video-shahrukh-khan-and-juhi-chawla-film-song-watch-lalu-yadav-son-musical-avatar-with-bollywood-singer-abhijeet]
[hindi.news18.com/news/bihar/patna-nitish-government-terminate-81-doctors-from-service-from-immediate-effect-5214843.html]
[hindi.news18.com/news/bihar/gaya-bihar-police-arrested-notorious-naxlal-abhijeet-yadav-reward-of-10-lacs-by-jharkhand-government-5068975.html]
[hindi.news18.com/news/bihar/aurangabad-bihar-security-forces-seized-arms-like-ak-47-and-slr-rifles-during-search-operation-at-aurangabad-5046531.html]
[hindi.news18.com/news/bihar/patna-exclusive-report-india-vs-bangladesh-cricket-match-double-century-secret-of-bihars-ishan-kishans-video-call-5045307.html]
[hindi.news18.com/news/bihar/aurangabad-bihar-mother-killed-his-minor-son-brutally-made-bedroom-grave-yard-5000753.html]
[hindi.news18.com/news/bihar/aurangabad-bihar/index.html]
[hindi.news18.com/news/bihar/aurangabad-bihar-aurangabad-sp-kantesh-mishra-gets-award-from-crpf-for-anti-naxal-operations-in-his-districts-4988237.html]
[hindi.news18.com/news/bihar/aurangabad-bihar/page-2/index.html]
[hindi.news18.com/news/bihar/aurangabad-bihar/page-3/index.html]
[hindi.news18.com/news/bihar/aurangabad-bihar/page-4/index.html]
[hindi.news18.com/news/bihar/aurangabad-bihar/page-5/index.html]
[hindi.news18.com/news/bihar/aurangabad-bihar/page-6/index.html]
[hindi.news18.com/news/bihar/aurangabad-bihar/page-9/index.html]
[hindi.news18.com/news/bihar/aurangabad-bihar/page-7/index.html]
[hindi.news18.com/news/bihar/aurangabad-bihar/page-8/index.html]
[hindi.news18.com/news/bihar/aurangabad-bihar/page-10/index.html]
[hindi.news18.com/news/bihar/katihar/Khand Medium/index.html]
[hindi.news18.com/news/bihar/katihar/Khand-Medium/index.html]
[hindi.news18.com/news/bihar/katihar-goons-killed-mukhia-pati-in-day-light-during-bhoj-at-katihar-5441879.html]
[hindi.news18.com/news/bihar/katihar-agniveer-hijron-ki-fauj-nitish-kumar-minister-surendra-yadav-insulted-indian-army-close-to-tejashwi-yadav-5440183.html]
[hindi.news18.com/news/bihar/patna-haj-pilgrims-of-bihar-apply-online-by-10-march-first-flight-from-gaya-on-21-may-know-details-5411441.html]
[hindi.news18.com/news/bihar/katihar-female-jawan-was-returning-from-munger-to-katihar-police-line-criminals-shot-dead-on-the-way-5353727.html]
[hindi.news18.com/news/bihar/patna-vande-bharat-express-train-bihar-route-howrah-jalpaiguri-5340697.html]
[hindi.news18.com/news/bihar/katihar-haryanvi-jalebi-in-katihar-dissolving-sweetness-in-mouth-5282717.html]
[hindi.news18.com/news/bihar/katihar-vande-bharat-express-cctv-footage-out-after-stone-pelting-on-vande-bharat-train-in-bihar-and-bengal-watch-video-5260979.html]
[hindi.news18.com/news/bihar/katihar-vande-bharat-express-stones-pelted-again-in-bihar-window-glass-of-train-coach-broken-5256479.html]
[hindi.news18.com/news/bihar/katihar-smuggling-of-heroin-rpf-arrested-muzaffarpur-girl-with-423-grams-heroin-and-brown-sugar-5245265.html]
[hindi.news18.com/news/bihar/katihar-weather-updates-10-person-killed-in-katihar-and-gaya-in-road-accidents-due-to-dense-fog-5194009.html]
[hindi.news18.com/news/bihar/katihar-fake-policemen-were-asking-money-from-people-in-katihar-real-police-arrested-them-5177569.html]
[hindi.news18.com/news/bihar/patna-bihar-police-headquarters-big-decision-now-cid-will-investigate-katihar-firing-massacre-5177139.html]
[hindi.news18.com/news/bihar/katihar-umpire-breaks-leg-of-batsman-during-match-know-whole-story-of-katihar-bihar-tournament-5175349.html]
[hindi.news18.com/news/bihar/katihar/index.html]
[hindi.news18.com/news/bihar/siwan-air-pollution-aqi-level-darhbanga-saharsa-samastipur-4886737.html]
[hindi.news18.com/news/bihar/katihar/page-2/index.html]
[hindi.news18.com/news/bihar/katihar/page-4/index.html]
[hindi.news18.com/news/bihar/katihar/page-3/index.html]
[hindi.news18.com/news/bihar/katihar/page-5/index.html]
[hindi.news18.com/news/bihar/katihar/page-6/index.html]
[hindi.news18.com/news/bihar/katihar/page-7/index.html]
[hindi.news18.com/news/bihar/katihar/page-8/index.html]
[hindi.news18.com/news/bihar/kishanganj/Khand Medium/index.html]
[hindi.news18.com/news/bihar/katihar/page-9/index.html]
[hindi.news18.com/news/bihar/katihar/page-10/index.html]
[hindi.news18.com/news/bihar/kishanganj/Khand-Medium/index.html]
[hindi.news18.com/news/bihar/kishanganj-ssb-seized-89-cattle-loaded-in-illegally-smuggled-truck-in-faringola-5423479.html]
[hindi.news18.com/news/bihar/kishanganj-bsf-encounter-with-intruders-on-indo-bangladesh-border-jawan-injured-in-firing-5412205.html]
[hindi.news18.com/news/bihar/kishanganj-99-percent-achievement-of-muslim-dominated-kishanganj-district-in-pm-awas-yojana-5387715.html]
[hindi.news18.com/news/bihar/kaimur-sun-shines-in-patna-but-no-relief-from-cold-wave-know-today-bihar-weather-5329043.html]
[hindi.news18.com/news/bihar/kishanganj-weather-update-cold-wave-cold-increase-5305629.html]
[hindi.news18.com/news/bihar/kishanganj-vande-bharat-express-stone-pelting-bihar-connection-3-arrested-in-kishanganj-5172031.html]
[hindi.news18.com/news/bihar/kishanganj-stf-arrested-pakistani-spy-in-west-bengal-siliguri-bihar-motihari-connection-5092571.html]
[hindi.news18.com/news/bihar/banka-bihar-bpsc-67th-prelims-result-released-11607-candidates-passed-questions-raised-on-cut-off-marks-4916513.html]
[hindi.news18.com/news/bihar/patna-pakistani-woman-arrested-from-kishanganj-raw-ib-bihar-ats-inquiry-underway-brvj-4866147.html]
[hindi.news18.com/news/bihar/kishanganj-police-recovered-goods-worth-lakhs-indian-nepalese-rupees-american-dollar-4862003.html]
[hindi.news18.com/news/bihar/kishanganj-uncle-raped-10-year-old-niece-brvj-4846019.html]
[hindi.news18.com/news/bihar/kishanganj-elder-brother-killed-younger-one-in-dispute-bramk-4836777.html]
[hindi.news18.com/news/bihar/patna-100-new-buses-to-start-by-government-on-bihar-jharkhand-routes-see-details-and-date-4835885.html]
[hindi.news18.com/news/bihar/kishanganj/index.html]
[hindi.news18.com/news/bihar/kishanganj-bihar-police-detained-american-woman-of-pakistani-origin-interrogation-continues-at-kishanganj-police-station-bruk-4834277.html]
[hindi.news18.com/news/bihar/kishanganj/page-2/index.html]
[hindi.news18.com/news/bihar/kishanganj/page-4/index.html]
[hindi.news18.com/news/bihar/kishanganj/page-3/index.html]
[hindi.news18.com/news/bihar/kishanganj/page-5/index.html]
[hindi.news18.com/news/bihar/kishanganj/page-6/index.html]
[hindi.news18.com/news/bihar/kishanganj/page-7/index.html]
[hindi.news18.com/news/bihar/kishanganj/page-8/index.html]
[hindi.news18.com/news/bihar/kishanganj/page-9/index.html]
[hindi.news18.com/news/bihar/kaimur/Khand Medium/index.html]
[hindi.news18.com/news/bihar/kishanganj/page-10/index.html]
[hindi.news18.com/news/bihar/kaimur/Khand-Medium/index.html]
[images.news18.com/ibnkhabar/uploads/2023/03/Angad-Rai-1-16789514913x2afe6.jpg]
[hindi.news18.com/news/bihar/kaimur-musharwa-baba-temple-in-kaimur-accident-happens-if-bidi-is-not-offered-5461293.html]
[hindi.news18.com/news/bihar/kaimur-kaimur-along-with-local-people-this-temple-is-also-waiting-for-road-matter-is-stuck-between-two-panchayats-5460183.html]
[hindi.news18.com/news/bihar/kaimur-famous-tourist-spot-beautiful-waterfall-5454045.html]
[hindi.news18.com/news/bihar/kaimur-aatmanirbhar-bharat-young-businessman-pultry-farm-fishery-left-journalism-job-5437561.html]
[hindi.news18.com/news/bihar/kaimur-know-history-of-mundeshwari-temple-of-kaimur-blood-does-not-fall-on-bali-of-goat-5410775.html]
[hindi.news18.com/news/bihar/kaimur-bihar-board-matric-exam-girl-students-stuck-in-jam-ran-2km-on-nh-2-to-reach-exam-center-watch-video-5410637.html]
[hindi.news18.com/news/bihar/rohtas-kaimur-hill-road-will-be-built-with-cost-of-118-crores-people-of-116-villages-will-get-benefit-5400727.html]
[hindi.news18.com/news/bihar/kaimur-kaimur-cash-van-loot-case-accused-arrested-after-40-days-of-incident-5395887.html]
[hindi.news18.com/news/bihar/kaimur-prasad-prepared-in-ram-mandir-of-ayodhya-from-kaimur-village-rice-5367883.html]
[hindi.news18.com/news/bihar/kaimur-success-story-son-of-kaimur-nishant-kumar-singh-selected-state-level-cricket-under-25-5360763.html]
[hindi.news18.com/news/bihar/kaimur-if-the-government-pays-attention-the-carpet-industry-in-kaimur-can-get-a-boost-know-what-the-weavers-say-5334183.html]
[hindi.news18.com/news/bihar/kaimur-people-afraid-to-walk-on-this-overbridge-of-kaimur-at-night-due-to-no-light-on-it-5354965.html]
[hindi.news18.com/news/bihar/kaimur-kaimur-news-this-family-comes-from-up-to-bihar-every-year-in-search-of-employment-5338019.html]
[hindi.news18.com/news/bihar/patna-lumpy-virus-will-be-examined-in-veterinary-college-get-vaccinated-5323673.html]
[hindi.news18.com/news/bihar/kaimur-hammer-head-man-dharmendra-singh-made-new-world-record-5348749.html]
[hindi.news18.com/news/bihar/kaimur-nilgai-is-destroying-the-crops-in-the-fields-5346211.html]
[hindi.news18.com/news/bihar/kaimur/index.html]
[hindi.news18.com/news/bihar/kaimur-street-food-gudhi-laddu-is-famous-5325111.html]
[hindi.news18.com/news/bihar/kaimur/page-2/index.html]
[hindi.news18.com/news/bihar/kaimur/page-3/index.html]
[hindi.news18.com/news/bihar/kaimur/page-5/index.html]
[hindi.news18.com/news/bihar/kaimur/page-4/index.html]
[hindi.news18.com/news/bihar/kaimur/page-8/index.html]
[hindi.news18.com/news/bihar/kaimur/page-9/index.html]
[hindi.news18.com/news/bihar/kaimur/page-6/index.html]
[hindi.news18.com/news/bihar/kaimur/page-7/index.html]
[hindi.news18.com/news/bihar/khagaria/Khand Medium/index.html]
[hindi.news18.com/news/bihar/khagaria/Khand-Medium/index.html]
[hindi.news18.com/news/bihar/kaimur/page-10/index.html]
[hindi.news18.com/news/bihar/khagaria-strange-case-of-wives-exchange-in-this-case-both-groom-and-bride-are-happy-know-how-children-were-divided-5459211.html]
[hindi.news18.com/news/bihar/khagaria-patni-ka-badla-patni-se-married-person-took-revenge-by-marrying-another-person-wife-know-the-interesting-story-5452897.html]
[hindi.news18.com/news/bihar/khagaria-junior-engineer-killed-contractor-with-help-of-shooters-due-to-money-dispute-5425685.html]
[hindi.news18.com/news/bihar/khagaria-pregnant-lady-commits-suicide-on-the-occasion-of-first-wedding-anniversary-5368695.html]
[hindi.news18.com/news/bihar/patna-7360-posts-of-computer-teachers-in-bihar-school-approved-by-nitish-government-5351191.html]
[hindi.news18.com/news/bihar/munger-young-man-going-to-kill-brother-and-wife-arrested-with-loaded-pistol-cartridges-knife-5153383.html]
[hindi.news18.com/news/bihar/bihar-women-tubectomy-without-anaesthesia-at-alauli-block-in-bihar-khagaria-district-last-month-victims-tremble-remembering-surgery-rks-5006931.html]
[hindi.news18.com/news/bihar/khagaria-bride-denies-to-do-marriage-with-mentally-dull-groom-turned-back-barat-4982761.html]
[hindi.news18.com/news/bihar/khagaria-ajaba-gajab-news-lady-did-marriage-twice-with-in-48-hours-with-husband-and-lover-4981475.html]
[hindi.news18.com/news/bihar/khagaria/index.html]
[hindi.news18.com/news/bihar/khagaria-doctors-did-surgery-of-family-planning-without-anaesthesia-in-bihar-hospital-4910733.html]
[hindi.news18.com/news/bihar/khagaria/page-5/index.html]
[hindi.news18.com/news/bihar/khagaria/page-3/index.html]
[hindi.news18.com/news/bihar/khagaria/page-2/index.html]
[hindi.news18.com/news/bihar/khagaria/page-4/index.html]
[hindi.news18.com/news/bihar/khagaria/page-6/index.html]
[hindi.news18.com/news/bihar/khagaria/page-7/index.html]
[hindi.news18.com/news/bihar/khagaria/page-10/index.html]
[hindi.news18.com/news/bihar/gaya/Khand Medium/index.html]
[hindi.news18.com/news/bihar/khagaria/page-9/index.html]
[hindi.news18.com/news/bihar/gaya/Khand-Medium/index.html]
[hindi.news18.com/news/bihar/khagaria/page-8/index.html]
[hindi.news18.com/news/bihar/gaya-mukhyamantri-udyami-yojana-people-will-get-10lakh-loan-5555259.html]
[hindi.news18.com/news/bihar/gaya-started-bamboo-products-business-by-taking-2000-loan-5549931.html]
[hindi.news18.com/news/bihar/gaya-want-to-set-up-food-based-micro-industries-subsidy-will-be-available-in-this-scheme-5551691.html]
[hindi.news18.com/news/bihar/gaya-you-can-apply-for-admission-in-graduation-in-central-university-till-march-30-5545347.html]
[hindi.news18.com/news/bihar/gaya-opportunity-in-8-companies-including-sbi-and-icici-planning-for-800-seats-on-march-18-5537997.html]
[hindi.news18.com/news/bihar/gaya-good-news-for-tb-patients-health-fair-will-be-held-on-14th-of-every-month-will-get-this-benefit-5542983.html]
[hindi.news18.com/news/bihar/gaya-family-plant-a-tree-after-death-in-this-village-for-25-years-5542697.html]
[hindi.news18.com/news/bihar/gaya-there-is-a-possibility-of-rain-from-march-17-to-21farmers-should-do-this-work-soon-5530513.html]
[hindi.news18.com/news/bihar/gaya-good-news-for-cancer-patients-treatment-and-chemotherapy-will-start-soon-in-anmmch-free-indeed-5528885.html]
[hindi.news18.com/news/bihar/gaya-police-personnel-run-madrasa-ahle-sunnat-madinatul-uloom-yateem-khana-of-bihar-5528819.html]
[hindi.news18.com/news/bihar/gaya-black-potato-farming-farmer-american-seed-5527677.html]
[hindi.news18.com/news/bihar/gaya-gaya-hospital-awaits-donor-not-a-single-eye-donation-done-in-last-three-years-5514079.html]
[hindi.news18.com/news/bihar/gaya-magadh-university-graduation-part-third-exam-date-released-see-schedule-5518999.html]
[hindi.news18.com/news/bihar/patna-adr-bihar-election-watch-report-19-percent-mayors-are-accused-of-criminal-cases-know-the-details-5517335.html]
[hindi.news18.com/news/bihar/gaya-gaya-news-farmers-will-earn-more-profit-from-mentha-farming-with-less-cost-agriculture-department-5512717.html]
[hindi.news18.com/news/bihar/gaya-first-science-park-ready-knpw-the-speciality-5511347.html]
[hindi.news18.com/news/bihar/gaya-people-getting-100-rupees-medicine-in-just-10-rupees-in-gaya-under-pradhan-mantri-jan-aushadhi-kendra-5510723.html]
[hindi.news18.com/news/bihar/gaya-bihars-manchester-patwa-toli-is-still-waiting-to-be-modernized-30-thousand-workers-facing-problem-5508421.html]
[hindi.news18.com/news/bihar/gaya-if-you-are-troubled-by-insects-apply-pheromone-trap-5480009.html]
[hindi.news18.com/news/bihar/gaya-why-hindu-family-of-congress-leader-awadhesh-singh-taking-care-of-grave-of-muslim-writer-imdad-imam-asar-5505857.html]
[hindi.news18.com/news/bihar/gaya-indian-army-clarified-position-in-3-people-death-case-by-cannon-ball-5505307.html]
[hindi.news18.com/news/bihar/gaya-agriculture-department-will-do-home-delivery-of-hot-moong-seeds-last-date-of-application-15-march-5504603.html]
[hindi.news18.com/news/bihar/gaya-accident-at-gaya-during-bomb-testing-army-canon-blast-died-and-injured-5504201.html]
[hindi.news18.com/news/bihar/gaya-get-your-children-from-kilkari-recognized-at-the-national-level-in-these-fields-training-is-available-here-for-free-5499153.html]
[hindi.news18.com/news/bihar/patna-viral-song-bihar-migrant-labour-holi-festival-5500379.html]
[hindi.news18.com/news/bihar/bihar-gaya-cannon-became-uncontrollable-during-the-military-exercise-the-shell-fell-outside-the-firing-range-army-mortar-shell-gone-out-of-range-killed-three-civillians-5501181.f0.delaye]
[hindi.news18.com/news/bihar/gaya/index.html]
[hindi.news18.com/news/bihar/gopalganj/index.html]
